

Factories:
0: U L U L B U L B U L 
1: 
2: 
3: 
4: 
5: 


Mosaic for A:
1:         B || . . . . .
2:       R R || . . . . .
3:     . . . || . . . . .
4:   . . . . || . . . . .
5: . . . . . || . . . . .
broken: F R R 


Mosaic for B:
1:         B || . . . . .
2:       Y Y || . . . . .
3:     . . . || . . . . .
4:   . . . . || . . . . .
5: . . . . . || . . . . .
broken: Y Y 

