
Error: Invalid characters found in tilebag
Load Failed.
