
Error: Tilebag is too small, should be atleast 100
