

Factories:
0: Y U L Y U L Y B U L 
1: B U R L 
2: 
3: 
4: 
5: 


Mosaic for A:
1:         B || . . . . .
2:       R R || . . . . .
3:     . . . || . . . . .
4:   . . . . || . . . . .
5: . . . . . || . . . . .
broken: F R 


Mosaic for B:
1:         B || . . . . .
2:       . Y || . . . . .
3:     . . . || . . . . .
4:   . . . . || . . . . .
5: . . . . . || . . . . .
broken: 

